1. First item

2. Second item

   Hereâ€™s a plain paragraph within the second item

3. Third item

Here's a plain paragraph at a lower indent level

1. Fourth item

| A   | B   |
| --- | --- |
| 1   | 2   |

2. Fifth item

3. Sixth item

```js
// fenced code block at lower indent
console.log('hello');
```

4. Seventh item
